// Jest Snapshot v1, https://goo.gl/fbAQLP

exports[`getDirectiveSource throws when a undefined scope is being used 1`] = `"State scope \\"foo\\" is not defined."`;

exports[`getDirectiveSource throws when a undefined scope type is being used 1`] = `"There is no registered provider for scope of type \\"bar\\""`;
